// Jest Snapshot v1, https://goo.gl/fbAQLP

exports[`Navigation Snapshot test for Navigation  1`] = `
<div>
  <nav
    class="Navigation__NavStyled-sc-1jart14-0 hWrVYh"
  >
    <div
      class="layout-container"
    >
      <a
        href="/"
      >
        Home
      </a>
      <a
        href="/aboutme"
      >
        Ãœber mich
      </a>
      <a
        href="/contact"
      >
        Kontakt
      </a>
      <svg
        class="navigation__menu-icon"
        fill="currentColor"
        height="1em"
        stroke="currentColor"
        stroke-width="0"
        viewBox="0 0 448 512"
        width="1em"
        xmlns="http://www.w3.org/2000/svg"
      >
        <path
          d="M16 132h416c8.837 0 16-7.163 16-16V76c0-8.837-7.163-16-16-16H16C7.163 60 0 67.163 0 76v40c0 8.837 7.163 16 16 16zm0 160h416c8.837 0 16-7.163 16-16v-40c0-8.837-7.163-16-16-16H16c-8.837 0-16 7.163-16 16v40c0 8.837 7.163 16 16 16zm0 160h416c8.837 0 16-7.163 16-16v-40c0-8.837-7.163-16-16-16H16c-8.837 0-16 7.163-16 16v40c0 8.837 7.163 16 16 16z"
        />
      </svg>
    </div>
  </nav>
</div>
`;
